// Jest Snapshot v1, https://goo.gl/fbAQLP

exports[`EditNote component renders the complete form 1`] = `
<section
  className="EditNote"
>
  <h2>
    Create a note
  </h2>
  <NotefulForm
    onSubmit={[Function]}
  >
    <div
      className="EditNote__error"
      role="alert"
    />
    <div
      className="field"
    >
      <label
        htmlFor="note-name-input"
      >
        Name
      </label>
      <input
        id="note-name-input"
        name="note-name"
        onChange={[Function]}
        type="text"
        value=""
      />
    </div>
    <div
      className="field"
    >
      <label
        htmlFor="note-content-input"
      >
        Content
      </label>
      <textarea
        id="note-content-input"
        name="content"
        onChange={[Function]}
        value=""
      />
    </div>
    <div
      className="field"
    >
      <label
        htmlFor="note-folder-select"
      >
        Folder
      </label>
      <select
        id="note-folder-select"
        name="note-folder-id"
        onChange={[Function]}
        value=""
      >
        <option
          value={null}
        >
          ...
        </option>
      </select>
    </div>
    <div
      className="buttons"
    >
      <button
        type="submit"
      >
        Update note
      </button>
    </div>
  </NotefulForm>
</section>
`;
